Dear patch submitter,

CI has tested the following submission:
Status:     FAILURE
Name:       [bpf] Failing patchset
Patchwork:  https://patchwork.com/failure
Matrix:     https://github.com/failure

Failed jobs:
test_progs-x86_64-gcc: https://job1.com
test_progs_no_alu32-x86_64-gcc: https://job2.com

First test_progs failure (test_progs-x86_64-gcc):
#53 cgrp_local_storage
cgrp2_local_storage:PASS:join_cgroup /cgrp_local_storage 0 nsec
#53/2 cgrp_local_storage/attach_cgroup
test_attach_cgroup:PASS:skel_open 0 nsec
test_attach_cgroup:PASS:prog_attach 0 nsec
test_attach_cgroup:PASS:prog_attach 0 nsec
test_attach_cgroup:PASS:prog_attach 0 nsec
test_attach_cgroup:PASS:start_server 0 nsec
test_attach_cgroup:PASS:connect_to_fd 0 nsec
test_attach_cgroup:FAIL:map_lookup(socket_cookies) unexpected error: -2 (errno 2)


Please note: this email is coming from an unmonitored mailbox. If you have
questions or feedback, please reach out to the Meta Kernel CI team at
kernel-ci@meta.com.
